{"u_token":"PQtO8D1c0ZP4H4psctOmuYTfLfUWXUCR","part_number":"614105150721","manufacturer":"Wurth Electronics","mode":"place-part","plugin":".snap","source":"https://www.snapeda.com"}